../Core/Src/main.c:102:10:CalculateCRC16	24	static
../Core/Src/main.c:124:13:LCD_WriteCommand	32	static
../Core/Src/main.c:137:13:LCD_WriteData	32	static
../Core/Src/main.c:149:6:LCD_Init	8	static
../Core/Src/main.c:166:6:LCD_Clear	8	static
../Core/Src/main.c:170:6:LCD_SetCursor	24	static
../Core/Src/main.c:175:6:LCD_Print	16	static
../Core/Src/main.c:180:6:UpdateDisplay	24	static
../Core/Src/main.c:204:10:Read_ADC	32	static
../Core/Src/main.c:223:6:Modbus_ProcessRequest	288	static
../Core/Src/main.c:270:5:main	48	static
../Core/Src/main.c:373:6:SystemClock_Config	88	static
../Core/Src/main.c:417:13:MX_ADC1_Init	24	static
../Core/Src/main.c:464:13:MX_I2C1_Init	8	static
../Core/Src/main.c:498:13:MX_USART1_UART_Init	8	static
../Core/Src/main.c:531:13:MX_GPIO_Init	40	static
../Core/Src/main.c:597:6:Error_Handler	4	static,ignoring_inline_asm
