00:37:44 **** Incremental Build of configuration Debug for project capestone_project ****
make -j8 all 
arm-none-eabi-gcc "../Core/Src/main.c" -mcpu=cortex-m3 -std=gnu11 -g3 -DDEBUG -DUSE_HAL_DRIVER -DSTM32F103xB -c -I../Core/Inc -I../Drivers/STM32F1xx_HAL_Driver/Inc/Legacy -I../Drivers/STM32F1xx_HAL_Driver/Inc -I../Drivers/CMSIS/Device/ST/STM32F1xx/Include -I../Drivers/CMSIS/Include -O0 -ffunction-sections -fdata-sections -Wall -fstack-usage -fcyclomatic-complexity -MMD -MP -MF"Core/Src/main.d" -MT"Core/Src/main.o" --specs=nano.specs -mfloat-abi=soft -mthumb -o "Core/Src/main.o"
../Core/Src/main.c: In function 'main':
../Core/Src/main.c:309:17: warning: unused variable 'last_button_state' [-Wunused-variable]
  309 |         uint8_t last_button_state = GPIO_PIN_RESET;
      |                 ^~~~~~~~~~~~~~~~~
arm-none-eabi-gcc -o "capestone_project.elf" @"objects.list"   -mcpu=cortex-m3 -T"C:\Users\pc\STM32CubeIDE\workspace_1.19.0\capestone_project\STM32F103C8TX_FLASH.ld" --specs=nosys.specs -Wl,-Map="capestone_project.map" -Wl,--gc-sections -static --specs=nano.specs -mfloat-abi=soft -mthumb -Wl,--start-group -lc -lm -Wl,--end-group
Finished building target: capestone_project.elf
 
arm-none-eabi-size  capestone_project.elf 
arm-none-eabi-objdump -h -S capestone_project.elf  > "capestone_project.list"
arm-none-eabi-objcopy  -O binary capestone_project.elf  "capestone_project.bin"
   text	   data	    bss	    dec	    hex	filename
  18896	     92	   2132	  21120	   5280	capestone_project.elf
Finished building: default.size.stdout
 
Finished building: capestone_project.bin
 
Finished building: capestone_project.list
 
arm-none-eabi-objcopy -O binary "capestone_project.elf" "capestone_project.bin"
 

00:37:50 Build Finished. 0 errors, 1 warnings. (took 6s.340ms)

